// Jest Snapshot v1, https://goo.gl/fbAQLP

exports[`ProductList snapshot 1`] = `
<DocumentFragment>
  <div
    class="justify-content-center pb-2 card-deck"
  >
    <div
      class="mx-auto d-inline-block"
    >
      <a
        class="darkLink"
        href="//product/1"
      >
        <div
          class="ProductCard mb-3 card"
        >
          <div
            class="img-wrapper"
          >
            <img
              alt="Samsung XG-900 55 inch LCD TV"
              class="card-img"
              src="https://www.lg.com/sg/images/tvs/md05271244/gallery/LG-43LH600T-L.jpg"
            />
          </div>
          <div
            class="card-body"
          >
            <h5
              class="card-title"
            >
              Samsung XG-900 55 inch LCD TV
            </h5>
            <div
              class="mb-2 text-muted card-subtitle h6"
              tag="h6"
            >
              <em>
                Latest generation smart televison 2021
              </em>
            </div>
            <p
              class="card-text"
            >
              <span
                class="sc-aXZVg dhYZDp"
              >
                <span
                  class="sc-gEvEer fvHQdC price"
                >
                  $400.40
                </span>
              </span>
            </p>
          </div>
        </div>
      </a>
    </div>
  </div>
</DocumentFragment>
`;
