// Jest Snapshot v1, https://goo.gl/fbAQLP

exports[`Login snapshot 1`] = `
<DocumentFragment>
  <div
    class="LoginForm"
  >
    <h1>
      Login
    </h1>
    <form
      action="#"
      class="text-left"
    >
      <div
        class="form-group"
      >
        <label
          class=""
          for="email1"
        >
          Email
        </label>
        <input
          autocomplete="email"
          class="form-control form-control-sm undefined"
          id="email1"
          name="email"
          type="email"
          value=""
        />
      </div>
      <div
        class="form-group"
      >
        <label
          class=""
          for="password1"
        >
          Password
        </label>
        <button
          class=" ml-1 text-sm py-0 border-0 font-italic btn btn-outline-primary btn-sm"
          type="button"
        >
          Show Password
        </button>
        <input
          autocomplete="current-password"
          class="form-control form-control-sm undefined"
          id="password1"
          name="password"
          type="password"
          value=""
        />
      </div>
      <div
        class="mt-4"
      >
        <button
          class="btn btn-primary"
          type="submit"
        >
          Login
        </button>
        <button
          class="btn btn-secondary ml-2"
        >
          Cancel
        </button>
      </div>
    </form>
  </div>
</DocumentFragment>
`;
