// Jest Snapshot v1, https://goo.gl/fbAQLP

exports[`Cart snapshot 1`] = `
<DocumentFragment>
  <div
    class="sc-eCssSg fsMPpl ScreenBackground animActive"
  />
  <div
    class="sc-jSgupP edsasc SideCart animActive"
  >
    <div
      class="text-left px-4 pt-0 pt-lg-3"
    >
      <button
        class="btn-noStyle"
      >
        <svg
          aria-hidden="true"
          class="svg-inline--fa fa-window-close fa-w-16 fa-2x "
          data-icon="window-close"
          data-prefix="fas"
          focusable="false"
          role="img"
          viewBox="0 0 512 512"
          xmlns="http://www.w3.org/2000/svg"
        >
          <path
            d="M464 32H48C21.5 32 0 53.5 0 80v352c0 26.5 21.5 48 48 48h416c26.5 0 48-21.5 48-48V80c0-26.5-21.5-48-48-48zm-83.6 290.5c4.8 4.8 4.8 12.6 0 17.4l-40.5 40.5c-4.8 4.8-12.6 4.8-17.4 0L256 313.3l-66.5 67.1c-4.8 4.8-12.6 4.8-17.4 0l-40.5-40.5c-4.8-4.8-4.8-12.6 0-17.4l67.1-66.5-67.1-66.5c-4.8-4.8-4.8-12.6 0-17.4l40.5-40.5c4.8-4.8 12.6-4.8 17.4 0l66.5 67.1 66.5-67.1c4.8-4.8 12.6-4.8 17.4 0l40.5 40.5c4.8 4.8 4.8 12.6 0 17.4L313.3 256l67.1 66.5z"
            fill="currentColor"
          />
        </svg>
      </button>
      <span
        class="text-xxl pl-2 pl-sm-5"
      >
        Shopping Cart
      </span>
      <span
        class="CartIconBadge position-relative pl-4 pl-lg-5"
      >
        <svg
          aria-hidden="true"
          class="svg-inline--fa fa-shopping-cart fa-w-18 fa-2x "
          data-icon="shopping-cart"
          data-prefix="fas"
          focusable="false"
          role="img"
          viewBox="0 0 576 512"
          xmlns="http://www.w3.org/2000/svg"
        >
          <path
            d="M528.12 301.319l47.273-208C578.806 78.301 567.391 64 551.99 64H159.208l-9.166-44.81C147.758 8.021 137.93 0 126.529 0H24C10.745 0 0 10.745 0 24v16c0 13.255 10.745 24 24 24h69.883l70.248 343.435C147.325 417.1 136 435.222 136 456c0 30.928 25.072 56 56 56s56-25.072 56-56c0-15.674-6.447-29.835-16.824-40h209.647C430.447 426.165 424 440.326 424 456c0 30.928 25.072 56 56 56s56-25.072 56-56c0-22.172-12.888-41.332-31.579-50.405l5.517-24.276c3.413-15.018-8.002-29.319-23.403-29.319H218.117l-6.545-32h293.145c11.206 0 20.92-7.754 23.403-18.681z"
            fill="currentColor"
          />
        </svg>
      </span>
    </div>
    <div>
      <div
        class="sc-bdfBwQ dTJGMw ItemsListDiv mx-auto text-dark"
      >
        <div
          class="sc-gsTCUz cBrQwO border-bottom py-1 bg-secondary text-light"
        >
          <div
            class="CartItem-name"
          >
            Item
          </div>
          <div
            class="CartItem-price"
          >
            Price
          </div>
          <div
            class="CartItem-quant-adj"
          >
            Quantity
          </div>
          <div
            class="CartItem-total"
          >
            Item Total
          </div>
        </div>
      </div>
      <div
        class="sc-dlfnbm kcZkaY"
      >
        <table
          class="sc-hKgILt iBFiPV TabulationTable ml-auto"
        >
          <tbody>
            <tr>
              <td
                class="text-left"
              >
                Subtotal
              </td>
              <td
                class="text-right"
              >
                <div>
                  $0
                </div>
              </td>
            </tr>
          </tbody>
        </table>
      </div>
    </div>
    <div
      style="opacity: 0; transform: translateX(1000px) translateY(300px) translateZ(0);"
    >
      <div
        class="px-4 mt-lg-5"
      >
        <button
          class="w-100 mt-2 text-xl disabled btn btn-primary"
          type="button"
        >
          Proceed to Checkout
        </button>
      </div>
      <ul
        class="d-inline-block"
      >
        <li
          class="mt-3"
        >
          Tax and Shipping calculated at checkout.
        </li>
      </ul>
    </div>
  </div>
</DocumentFragment>
`;
